// Jest Snapshot v1, https://goo.gl/fbAQLP

exports[`GenericGroup renders just fine 1`] = `
<GenericGroup
  items={
    Array [
      Object {
        "hoverClass": "bar",
        "label": "foo",
        "value": "bar",
      },
      Object {
        "hoverClass": "bar",
        "label": "mrkef?",
        "value": "v zime!",
      },
    ]
  }
  onClick={[Function]}
  title="Foo Bar"
>
  <MiqStructuredList
    headers={Array []}
    mode="generic_group"
    onClick={[Function]}
    rows={
      Array [
        Object {
          "hoverClass": "bar",
          "label": "foo",
          "value": "bar",
        },
        Object {
          "hoverClass": "bar",
          "label": "mrkef?",
          "value": "v zime!",
        },
      ]
    }
    title="Foo Bar"
  >
    <Accordion
      align="start"
      className="miq-structured-list-accordion generic_group"
    >
      <ul
        className="bx--accordion miq-structured-list-accordion generic_group bx--accordion--start bx--accordion--md"
      >
        <AccordionItem
          open={true}
          title="Foo Bar"
        >
          <li
            className="bx--accordion__item bx--accordion__item--active"
            onAnimationEnd={[Function]}
          >
            <defaultRenderToggle
              aria-controls="accordion-item-1"
              aria-expanded={true}
              className="bx--accordion__heading"
              onClick={[Function]}
              onKeyDown={[Function]}
              type="button"
            >
              <button
                aria-controls="accordion-item-1"
                aria-expanded={true}
                className="bx--accordion__heading"
                onClick={[Function]}
                onKeyDown={[Function]}
                type="button"
              >
                <ForwardRef(ChevronRight16)
                  className="bx--accordion__arrow"
                >
                  <Icon
                    className="bx--accordion__arrow"
                    fill="currentColor"
                    height={16}
                    preserveAspectRatio="xMidYMid meet"
                    viewBox="0 0 16 16"
                    width={16}
                    xmlns="http://www.w3.org/2000/svg"
                  >
                    <svg
                      aria-hidden={true}
                      className="bx--accordion__arrow"
                      fill="currentColor"
                      focusable="false"
                      height={16}
                      preserveAspectRatio="xMidYMid meet"
                      viewBox="0 0 16 16"
                      width={16}
                      xmlns="http://www.w3.org/2000/svg"
                    >
                      <path
                        d="M11 8L6 13 5.3 12.3 9.6 8 5.3 3.7 6 3z"
                      />
                    </svg>
                  </Icon>
                </ForwardRef(ChevronRight16)>
                <Text
                  as="div"
                  className="bx--accordion__title"
                >
                  <div
                    className="bx--accordion__title"
                    dir="auto"
                  >
                    Foo Bar
                  </div>
                </Text>
              </button>
            </defaultRenderToggle>
            <div
              className="bx--accordion__content"
              id="accordion-item-1"
            >
              <FeatureToggle(StructuredListWrapper)
                ariaLabel="Structured list"
                className="miq-structured-list generic_group"
              >
                <StructuredListWrapper
                  ariaLabel="Structured list"
                  className="miq-structured-list generic_group"
                  isCondensed={false}
                  isFlush={false}
                  selection={false}
                >
                  <div
                    aria-label="Structured list"
                    className="bx--structured-list miq-structured-list generic_group"
                    role="table"
                  >
                    <FeatureToggle(StructuredListBody)>
                      <StructuredListBody
                        onKeyDown={[Function]}
                      >
                        <div
                          className="bx--structured-list-tbody"
                          onKeyDown={[Function]}
                          role="rowgroup"
                        >
                          <FeatureToggle(StructuredListRow)
                            className=""
                            key="0"
                            onClick={[Function]}
                            tabIndex={0}
                            title=""
                          >
                            <StructuredListRow
                              className=""
                              head={false}
                              label={false}
                              onClick={[Function]}
                              onKeyDown={[Function]}
                              tabIndex={0}
                              title=""
                            >
                              <div
                                className="bx--structured-list-row"
                                onClick={[Function]}
                                role="row"
                                title=""
                              >
                                <FeatureToggle(StructuredListCell)
                                  className="label_header"
                                >
                                  <StructuredListCell
                                    className="label_header"
                                    head={false}
                                    noWrap={false}
                                  >
                                    <div
                                      className="label_header bx--structured-list-td"
                                      role="cell"
                                    >
                                      foo
                                    </div>
                                  </StructuredListCell>
                                </FeatureToggle(StructuredListCell)>
                                <FeatureToggle(StructuredListCell)
                                  className="content_value object_item"
                                  title=""
                                >
                                  <StructuredListCell
                                    className="content_value object_item"
                                    head={false}
                                    noWrap={false}
                                    title=""
                                  >
                                    <div
                                      className="content_value object_item bx--structured-list-td"
                                      role="cell"
                                      title=""
                                    >
                                      <div
                                        className="content"
                                      >
                                        <div
                                          className="expand wrap_text"
                                        >
                                          bar
                                        </div>
                                      </div>
                                    </div>
                                  </StructuredListCell>
                                </FeatureToggle(StructuredListCell)>
                              </div>
                            </StructuredListRow>
                          </FeatureToggle(StructuredListRow)>
                          <FeatureToggle(StructuredListRow)
                            className=""
                            key="1"
                            onClick={[Function]}
                            tabIndex={1}
                            title=""
                          >
                            <StructuredListRow
                              className=""
                              head={false}
                              label={false}
                              onClick={[Function]}
                              onKeyDown={[Function]}
                              tabIndex={1}
                              title=""
                            >
                              <div
                                className="bx--structured-list-row"
                                onClick={[Function]}
                                role="row"
                                title=""
                              >
                                <FeatureToggle(StructuredListCell)
                                  className="label_header"
                                >
                                  <StructuredListCell
                                    className="label_header"
                                    head={false}
                                    noWrap={false}
                                  >
                                    <div
                                      className="label_header bx--structured-list-td"
                                      role="cell"
                                    >
                                      mrkef?
                                    </div>
                                  </StructuredListCell>
                                </FeatureToggle(StructuredListCell)>
                                <FeatureToggle(StructuredListCell)
                                  className="content_value object_item"
                                  title=""
                                >
                                  <StructuredListCell
                                    className="content_value object_item"
                                    head={false}
                                    noWrap={false}
                                    title=""
                                  >
                                    <div
                                      className="content_value object_item bx--structured-list-td"
                                      role="cell"
                                      title=""
                                    >
                                      <div
                                        className="content"
                                      >
                                        <div
                                          className="expand wrap_text"
                                        >
                                          v zime!
                                        </div>
                                      </div>
                                    </div>
                                  </StructuredListCell>
                                </FeatureToggle(StructuredListCell)>
                              </div>
                            </StructuredListRow>
                          </FeatureToggle(StructuredListRow)>
                        </div>
                      </StructuredListBody>
                    </FeatureToggle(StructuredListBody)>
                  </div>
                </StructuredListWrapper>
              </FeatureToggle(StructuredListWrapper)>
            </div>
          </li>
        </AccordionItem>
      </ul>
    </Accordion>
  </MiqStructuredList>
</GenericGroup>
`;
