// Jest Snapshot v1, https://goo.gl/fbAQLP

exports[`TableListView renders just fine... 1`] = `
<TableListView
  colOrder={
    Array [
      "name",
      "value",
    ]
  }
  headers={
    Array [
      "Name",
      "Rows",
    ]
  }
  onClick={[Function]}
  rowLabel="View the table"
  title="Tables with the Most Rows"
  values={
    Array [
      Object {
        "explorer": true,
        "link": "miqTreeActivateNode('vmdb_tree', 'tb-10000000000181');",
        "name": "vim_performance_states",
        "title": "vim_performance_states",
        "value": Array [
          "676",
          "150",
        ],
      },
      Object {
        "explorer": true,
        "link": "miqTreeActivateNode('vmdb_tree', 'tb-10000000000197');",
        "name": "miq_report_result_details",
        "title": "miq_report_result_details",
        "value": Array [
          "280",
          "848",
        ],
      },
    ]
  }
>
  <MiqStructuredList
    headers={
      Array [
        "Name",
        "Rows",
      ]
    }
    mode="table_list_view"
    onClick={[Function]}
    rows={
      Array [
        Object {
          "explorer": true,
          "label": "vim_performance_states",
          "link": "miqTreeActivateNode('vmdb_tree', 'tb-10000000000181');",
          "name": "vim_performance_states",
          "title": "vim_performance_states",
          "value": Array [
            "676",
            "150",
          ],
        },
        Object {
          "explorer": true,
          "label": "miq_report_result_details",
          "link": "miqTreeActivateNode('vmdb_tree', 'tb-10000000000197');",
          "name": "miq_report_result_details",
          "title": "miq_report_result_details",
          "value": Array [
            "280",
            "848",
          ],
        },
      ]
    }
    title="Tables with the Most Rows"
  >
    <Accordion
      align="start"
      className="miq-structured-list-accordion table_list_view"
    >
      <ul
        className="bx--accordion miq-structured-list-accordion table_list_view bx--accordion--start bx--accordion--md"
      >
        <AccordionItem
          open={true}
          title="Tables with the Most Rows"
        >
          <li
            className="bx--accordion__item bx--accordion__item--active"
            onAnimationEnd={[Function]}
          >
            <defaultRenderToggle
              aria-controls="accordion-item-1"
              aria-expanded={true}
              className="bx--accordion__heading"
              onClick={[Function]}
              onKeyDown={[Function]}
              type="button"
            >
              <button
                aria-controls="accordion-item-1"
                aria-expanded={true}
                className="bx--accordion__heading"
                onClick={[Function]}
                onKeyDown={[Function]}
                type="button"
              >
                <ForwardRef(ChevronRight16)
                  className="bx--accordion__arrow"
                >
                  <Icon
                    className="bx--accordion__arrow"
                    fill="currentColor"
                    height={16}
                    preserveAspectRatio="xMidYMid meet"
                    viewBox="0 0 16 16"
                    width={16}
                    xmlns="http://www.w3.org/2000/svg"
                  >
                    <svg
                      aria-hidden={true}
                      className="bx--accordion__arrow"
                      fill="currentColor"
                      focusable="false"
                      height={16}
                      preserveAspectRatio="xMidYMid meet"
                      viewBox="0 0 16 16"
                      width={16}
                      xmlns="http://www.w3.org/2000/svg"
                    >
                      <path
                        d="M11 8L6 13 5.3 12.3 9.6 8 5.3 3.7 6 3z"
                      />
                    </svg>
                  </Icon>
                </ForwardRef(ChevronRight16)>
                <Text
                  as="div"
                  className="bx--accordion__title"
                >
                  <div
                    className="bx--accordion__title"
                    dir="auto"
                  >
                    Tables with the Most Rows
                  </div>
                </Text>
              </button>
            </defaultRenderToggle>
            <div
              className="bx--accordion__content"
              id="accordion-item-1"
            >
              <FeatureToggle(StructuredListWrapper)
                ariaLabel="Structured list"
                className="miq-structured-list table_list_view"
              >
                <StructuredListWrapper
                  ariaLabel="Structured list"
                  className="miq-structured-list table_list_view"
                  isCondensed={false}
                  isFlush={false}
                  selection={false}
                >
                  <div
                    aria-label="Structured list"
                    className="bx--structured-list miq-structured-list table_list_view"
                    role="table"
                  >
                    <MiqStructuredListHeader
                      headers={
                        Array [
                          "Name",
                          "Rows",
                        ]
                      }
                    >
                      <FeatureToggle(StructuredListHead)>
                        <StructuredListHead>
                          <div
                            className="bx--structured-list-thead"
                            role="rowgroup"
                          >
                            <FeatureToggle(StructuredListRow)
                              head={true}
                              tabIndex={0}
                            >
                              <StructuredListRow
                                head={true}
                                label={false}
                                onKeyDown={[Function]}
                                tabIndex={0}
                              >
                                <div
                                  className="bx--structured-list-row bx--structured-list-row--header-row"
                                  role="row"
                                >
                                  <FeatureToggle(StructuredListCell)
                                    className="list_header"
                                    head={true}
                                    key="0"
                                  >
                                    <StructuredListCell
                                      className="list_header"
                                      head={true}
                                      noWrap={false}
                                    >
                                      <div
                                        className="list_header bx--structured-list-th"
                                        role="columnheader"
                                      >
                                        Name
                                      </div>
                                    </StructuredListCell>
                                  </FeatureToggle(StructuredListCell)>
                                  <FeatureToggle(StructuredListCell)
                                    className="list_header"
                                    head={true}
                                    key="1"
                                  >
                                    <StructuredListCell
                                      className="list_header"
                                      head={true}
                                      noWrap={false}
                                    >
                                      <div
                                        className="list_header bx--structured-list-th"
                                        role="columnheader"
                                      >
                                        Rows
                                      </div>
                                    </StructuredListCell>
                                  </FeatureToggle(StructuredListCell)>
                                </div>
                              </StructuredListRow>
                            </FeatureToggle(StructuredListRow)>
                          </div>
                        </StructuredListHead>
                      </FeatureToggle(StructuredListHead)>
                    </MiqStructuredListHeader>
                    <MiqStructuredListBody
                      clickEvents={false}
                      mode="table_list_view"
                      onClick={[Function]}
                      rows={
                        Array [
                          Object {
                            "explorer": true,
                            "label": "vim_performance_states",
                            "link": "miqTreeActivateNode('vmdb_tree', 'tb-10000000000181');",
                            "name": "vim_performance_states",
                            "title": "vim_performance_states",
                            "value": Array [
                              "676",
                              "150",
                            ],
                          },
                          Object {
                            "explorer": true,
                            "label": "miq_report_result_details",
                            "link": "miqTreeActivateNode('vmdb_tree', 'tb-10000000000197');",
                            "name": "miq_report_result_details",
                            "title": "miq_report_result_details",
                            "value": Array [
                              "280",
                              "848",
                            ],
                          },
                        ]
                      }
                    >
                      <FeatureToggle(StructuredListBody)>
                        <StructuredListBody
                          onKeyDown={[Function]}
                        >
                          <div
                            className="bx--structured-list-tbody"
                            onKeyDown={[Function]}
                            role="rowgroup"
                          >
                            <FeatureToggle(StructuredListRow)
                              className=""
                              key="0"
                              onClick={[Function]}
                              tabIndex={0}
                              title=""
                            >
                              <StructuredListRow
                                className=""
                                head={false}
                                label={false}
                                onClick={[Function]}
                                onKeyDown={[Function]}
                                tabIndex={0}
                                title=""
                              >
                                <div
                                  className="bx--structured-list-row"
                                  onClick={[Function]}
                                  role="row"
                                  title=""
                                >
                                  <MiqStructuredListBodyLabel
                                    label="vim_performance_states"
                                  >
                                    <FeatureToggle(StructuredListCell)
                                      className="label_header"
                                    >
                                      <StructuredListCell
                                        className="label_header"
                                        head={false}
                                        noWrap={false}
                                      >
                                        <div
                                          className="label_header bx--structured-list-td"
                                          role="cell"
                                        >
                                          vim_performance_states
                                        </div>
                                      </StructuredListCell>
                                    </FeatureToggle(StructuredListCell)>
                                  </MiqStructuredListBodyLabel>
                                  <MiqStructuredListBodyValue
                                    clickEvents={false}
                                    onClick={[Function]}
                                    row={
                                      Object {
                                        "explorer": true,
                                        "label": "vim_performance_states",
                                        "link": "miqTreeActivateNode('vmdb_tree', 'tb-10000000000181');",
                                        "name": "vim_performance_states",
                                        "title": "vim_performance_states",
                                        "value": Array [
                                          "676",
                                          "150",
                                        ],
                                      }
                                    }
                                  >
                                    <MiqStructuredListObject
                                      clickEvents={false}
                                      onClick={[Function]}
                                      row={
                                        Object {
                                          "explorer": true,
                                          "label": "vim_performance_states",
                                          "link": "miqTreeActivateNode('vmdb_tree', 'tb-10000000000181');",
                                          "name": "vim_performance_states",
                                          "title": "vim_performance_states",
                                          "value": Array [
                                            "676",
                                            "150",
                                          ],
                                        }
                                      }
                                    >
                                      <FeatureToggle(StructuredListCell)
                                        className="content_value object_item"
                                        title="vim_performance_states"
                                      >
                                        <StructuredListCell
                                          className="content_value object_item"
                                          head={false}
                                          noWrap={false}
                                          title="vim_performance_states"
                                        >
                                          <div
                                            className="content_value object_item bx--structured-list-td"
                                            role="cell"
                                            title="vim_performance_states"
                                          >
                                            <MiqStructuredListConditionalTag
                                              clickEvents={false}
                                              onClick={[Function]}
                                              row={
                                                Object {
                                                  "explorer": true,
                                                  "label": "vim_performance_states",
                                                  "link": "miqTreeActivateNode('vmdb_tree', 'tb-10000000000181');",
                                                  "name": "vim_performance_states",
                                                  "title": "vim_performance_states",
                                                  "value": Array [
                                                    "676",
                                                    "150",
                                                  ],
                                                }
                                              }
                                            >
                                              <MiqStructuredListLink
                                                clickEvents={false}
                                                onClick={[Function]}
                                                row={
                                                  Object {
                                                    "explorer": true,
                                                    "label": "vim_performance_states",
                                                    "link": "miqTreeActivateNode('vmdb_tree', 'tb-10000000000181');",
                                                    "name": "vim_performance_states",
                                                    "title": "vim_performance_states",
                                                    "value": Array [
                                                      "676",
                                                      "150",
                                                    ],
                                                  }
                                                }
                                              >
                                                <Link
                                                  className="cell_link"
                                                  href="miqTreeActivateNode('vmdb_tree', 'tb-10000000000181');"
                                                  onClick={[Function]}
                                                  to="miqTreeActivateNode('vmdb_tree', 'tb-10000000000181');"
                                                >
                                                  <a
                                                    className="bx--link cell_link"
                                                    href="miqTreeActivateNode('vmdb_tree', 'tb-10000000000181');"
                                                    onClick={[Function]}
                                                    rel={null}
                                                    to="miqTreeActivateNode('vmdb_tree', 'tb-10000000000181');"
                                                  >
                                                    <MiqStructuredListContent
                                                      row={
                                                        Object {
                                                          "explorer": true,
                                                          "label": "vim_performance_states",
                                                          "link": "miqTreeActivateNode('vmdb_tree', 'tb-10000000000181');",
                                                          "name": "vim_performance_states",
                                                          "title": "vim_performance_states",
                                                          "value": Array [
                                                            "676",
                                                            "150",
                                                          ],
                                                        }
                                                      }
                                                    >
                                                      <div
                                                        className="content"
                                                      >
                                                        <MiqStructuredListMultiRow
                                                          value={
                                                            Array [
                                                              "676",
                                                              "150",
                                                            ]
                                                          }
                                                        >
                                                          <div
                                                            className="multi_row_cell"
                                                          >
                                                            <div
                                                              className="sub_row_item"
                                                              key="0"
                                                              title=""
                                                            >
                                                              <div
                                                                className="sub_value"
                                                              >
                                                                <MiqStructuredListText>
                                                                  <div
                                                                    className="wrap_text"
                                                                  />
                                                                </MiqStructuredListText>
                                                              </div>
                                                            </div>
                                                            <div
                                                              className="sub_row_item"
                                                              key="1"
                                                              title=""
                                                            >
                                                              <div
                                                                className="sub_value"
                                                              >
                                                                <MiqStructuredListText>
                                                                  <div
                                                                    className="wrap_text"
                                                                  />
                                                                </MiqStructuredListText>
                                                              </div>
                                                            </div>
                                                          </div>
                                                        </MiqStructuredListMultiRow>
                                                      </div>
                                                    </MiqStructuredListContent>
                                                  </a>
                                                </Link>
                                              </MiqStructuredListLink>
                                            </MiqStructuredListConditionalTag>
                                          </div>
                                        </StructuredListCell>
                                      </FeatureToggle(StructuredListCell)>
                                    </MiqStructuredListObject>
                                  </MiqStructuredListBodyValue>
                                </div>
                              </StructuredListRow>
                            </FeatureToggle(StructuredListRow)>
                            <FeatureToggle(StructuredListRow)
                              className=""
                              key="1"
                              onClick={[Function]}
                              tabIndex={1}
                              title=""
                            >
                              <StructuredListRow
                                className=""
                                head={false}
                                label={false}
                                onClick={[Function]}
                                onKeyDown={[Function]}
                                tabIndex={1}
                                title=""
                              >
                                <div
                                  className="bx--structured-list-row"
                                  onClick={[Function]}
                                  role="row"
                                  title=""
                                >
                                  <MiqStructuredListBodyLabel
                                    label="miq_report_result_details"
                                  >
                                    <FeatureToggle(StructuredListCell)
                                      className="label_header"
                                    >
                                      <StructuredListCell
                                        className="label_header"
                                        head={false}
                                        noWrap={false}
                                      >
                                        <div
                                          className="label_header bx--structured-list-td"
                                          role="cell"
                                        >
                                          miq_report_result_details
                                        </div>
                                      </StructuredListCell>
                                    </FeatureToggle(StructuredListCell)>
                                  </MiqStructuredListBodyLabel>
                                  <MiqStructuredListBodyValue
                                    clickEvents={false}
                                    onClick={[Function]}
                                    row={
                                      Object {
                                        "explorer": true,
                                        "label": "miq_report_result_details",
                                        "link": "miqTreeActivateNode('vmdb_tree', 'tb-10000000000197');",
                                        "name": "miq_report_result_details",
                                        "title": "miq_report_result_details",
                                        "value": Array [
                                          "280",
                                          "848",
                                        ],
                                      }
                                    }
                                  >
                                    <MiqStructuredListObject
                                      clickEvents={false}
                                      onClick={[Function]}
                                      row={
                                        Object {
                                          "explorer": true,
                                          "label": "miq_report_result_details",
                                          "link": "miqTreeActivateNode('vmdb_tree', 'tb-10000000000197');",
                                          "name": "miq_report_result_details",
                                          "title": "miq_report_result_details",
                                          "value": Array [
                                            "280",
                                            "848",
                                          ],
                                        }
                                      }
                                    >
                                      <FeatureToggle(StructuredListCell)
                                        className="content_value object_item"
                                        title="miq_report_result_details"
                                      >
                                        <StructuredListCell
                                          className="content_value object_item"
                                          head={false}
                                          noWrap={false}
                                          title="miq_report_result_details"
                                        >
                                          <div
                                            className="content_value object_item bx--structured-list-td"
                                            role="cell"
                                            title="miq_report_result_details"
                                          >
                                            <MiqStructuredListConditionalTag
                                              clickEvents={false}
                                              onClick={[Function]}
                                              row={
                                                Object {
                                                  "explorer": true,
                                                  "label": "miq_report_result_details",
                                                  "link": "miqTreeActivateNode('vmdb_tree', 'tb-10000000000197');",
                                                  "name": "miq_report_result_details",
                                                  "title": "miq_report_result_details",
                                                  "value": Array [
                                                    "280",
                                                    "848",
                                                  ],
                                                }
                                              }
                                            >
                                              <MiqStructuredListLink
                                                clickEvents={false}
                                                onClick={[Function]}
                                                row={
                                                  Object {
                                                    "explorer": true,
                                                    "label": "miq_report_result_details",
                                                    "link": "miqTreeActivateNode('vmdb_tree', 'tb-10000000000197');",
                                                    "name": "miq_report_result_details",
                                                    "title": "miq_report_result_details",
                                                    "value": Array [
                                                      "280",
                                                      "848",
                                                    ],
                                                  }
                                                }
                                              >
                                                <Link
                                                  className="cell_link"
                                                  href="miqTreeActivateNode('vmdb_tree', 'tb-10000000000197');"
                                                  onClick={[Function]}
                                                  to="miqTreeActivateNode('vmdb_tree', 'tb-10000000000197');"
                                                >
                                                  <a
                                                    className="bx--link cell_link"
                                                    href="miqTreeActivateNode('vmdb_tree', 'tb-10000000000197');"
                                                    onClick={[Function]}
                                                    rel={null}
                                                    to="miqTreeActivateNode('vmdb_tree', 'tb-10000000000197');"
                                                  >
                                                    <MiqStructuredListContent
                                                      row={
                                                        Object {
                                                          "explorer": true,
                                                          "label": "miq_report_result_details",
                                                          "link": "miqTreeActivateNode('vmdb_tree', 'tb-10000000000197');",
                                                          "name": "miq_report_result_details",
                                                          "title": "miq_report_result_details",
                                                          "value": Array [
                                                            "280",
                                                            "848",
                                                          ],
                                                        }
                                                      }
                                                    >
                                                      <div
                                                        className="content"
                                                      >
                                                        <MiqStructuredListMultiRow
                                                          value={
                                                            Array [
                                                              "280",
                                                              "848",
                                                            ]
                                                          }
                                                        >
                                                          <div
                                                            className="multi_row_cell"
                                                          >
                                                            <div
                                                              className="sub_row_item"
                                                              key="0"
                                                              title=""
                                                            >
                                                              <div
                                                                className="sub_value"
                                                              >
                                                                <MiqStructuredListText>
                                                                  <div
                                                                    className="wrap_text"
                                                                  />
                                                                </MiqStructuredListText>
                                                              </div>
                                                            </div>
                                                            <div
                                                              className="sub_row_item"
                                                              key="1"
                                                              title=""
                                                            >
                                                              <div
                                                                className="sub_value"
                                                              >
                                                                <MiqStructuredListText>
                                                                  <div
                                                                    className="wrap_text"
                                                                  />
                                                                </MiqStructuredListText>
                                                              </div>
                                                            </div>
                                                          </div>
                                                        </MiqStructuredListMultiRow>
                                                      </div>
                                                    </MiqStructuredListContent>
                                                  </a>
                                                </Link>
                                              </MiqStructuredListLink>
                                            </MiqStructuredListConditionalTag>
                                          </div>
                                        </StructuredListCell>
                                      </FeatureToggle(StructuredListCell)>
                                    </MiqStructuredListObject>
                                  </MiqStructuredListBodyValue>
                                </div>
                              </StructuredListRow>
                            </FeatureToggle(StructuredListRow)>
                          </div>
                        </StructuredListBody>
                      </FeatureToggle(StructuredListBody)>
                    </MiqStructuredListBody>
                  </div>
                </StructuredListWrapper>
              </FeatureToggle(StructuredListWrapper)>
            </div>
          </li>
        </AccordionItem>
      </ul>
    </Accordion>
  </MiqStructuredList>
</TableListView>
`;
