// Jest Snapshot v1, https://goo.gl/fbAQLP

exports[`Toolbar Well it works ;-) 1`] = `ShallowWrapper {}`;
