// Jest Snapshot v1, https://goo.gl/fbAQLP

exports[`PolicyProfileForm form component should render adding form variant 1`] = `
<Loading
  active={true}
  className="export-spinner"
  description="Active loading indicator"
  small={true}
  withOverlay={false}
/>
`;

exports[`PolicyProfileForm form component should render editing form variant 1`] = `
<Provider
  store={
    Object {
      "asyncReducers": Object {
        "FormButtons": [Function],
        "miqCustomTabReducer": [Function],
        "notificationReducer": [Function],
      },
      "dispatch": [Function],
      "getState": [Function],
      "injectReducers": [Function],
      "replaceReducer": [Function],
      "subscribe": [Function],
      Symbol(observable): [Function],
    }
  }
>
  <PolicyProfileForm
    recordId="1"
  >
    <Loading
      active={true}
      className="export-spinner"
      description="Active loading indicator"
      small={true}
      withOverlay={false}
    >
      <div
        aria-atomic="true"
        aria-live="assertive"
        className="export-spinner bx--loading bx--loading--small"
      >
        <label
          className="bx--visually-hidden"
          id="loading-id-2"
        >
          Active loading indicator
        </label>
        <svg
          className="bx--loading__svg"
          viewBox="0 0 100 100"
        >
          <title>
            Active loading indicator
          </title>
          <circle
            className="bx--loading__background"
            cx="50%"
            cy="50%"
            r="44"
          />
          <circle
            className="bx--loading__stroke"
            cx="50%"
            cy="50%"
            r="44"
          />
        </svg>
      </div>
    </Loading>
  </PolicyProfileForm>
</Provider>
`;

exports[`PolicyProfileForm form component should render new form variant 1`] = `
<Provider
  store={
    Object {
      "asyncReducers": Object {
        "FormButtons": [Function],
        "miqCustomTabReducer": [Function],
        "notificationReducer": [Function],
      },
      "dispatch": [Function],
      "getState": [Function],
      "injectReducers": [Function],
      "replaceReducer": [Function],
      "subscribe": [Function],
      Symbol(observable): [Function],
    }
  }
>
  <PolicyProfileForm>
    <Loading
      active={true}
      className="export-spinner"
      description="Active loading indicator"
      small={true}
      withOverlay={false}
    >
      <div
        aria-atomic="true"
        aria-live="assertive"
        className="export-spinner bx--loading bx--loading--small"
      >
        <label
          className="bx--visually-hidden"
          id="loading-id-1"
        >
          Active loading indicator
        </label>
        <svg
          className="bx--loading__svg"
          viewBox="0 0 100 100"
        >
          <title>
            Active loading indicator
          </title>
          <circle
            className="bx--loading__background"
            cx="50%"
            cy="50%"
            r="44"
          />
          <circle
            className="bx--loading__stroke"
            cx="50%"
            cy="50%"
            r="44"
          />
        </svg>
      </div>
    </Loading>
  </PolicyProfileForm>
</Provider>
`;
