// Jest Snapshot v1, https://goo.gl/fbAQLP

exports[`DataDrivenForm should render correctly 1`] = `"<form class=\\"bx--form form-0-2-3 form-react\\" novalidate=\\"\\"> <div class=\\"bx--form-item bx--text-input-wrapper\\"><label for=\\"name\\" class=\\"bx--label\\">label</label><div class=\\"bx--text-input__field-outer-wrapper\\"><div class=\\"bx--text-input__field-wrapper\\"><input id=\\"name\\" type=\\"text\\" class=\\"bx--text-input bx--text-input--md\\" name=\\"name\\" value=\\"\\"></div></div></div><div class=\\"bx--btn-set\\"><button variant=\\"primary\\" tabindex=\\"0\\" class=\\"bx--btn bx--btn--primary bx--btn--disabled\\" disabled=\\"\\" type=\\"submit\\">Save</button></div> </form>"`;
