// Jest Snapshot v1, https://goo.gl/fbAQLP

exports[`Secret switch field component should render correctly in edit mode 1`] = `
<PasswordField
  cancelEditLabel="Cancel"
  changeEditLabel="Change"
  edit={true}
  name="foo"
>
  <FormGroup
    bsClass="form-group"
  >
    <div
      className="form-group"
    >
      <ControlLabel
        bsClass="control-label"
        srOnly={false}
      >
        <label
          className="control-label"
        />
      </ControlLabel>
      <InputGroup
        bsClass="input-group"
      >
        <span
          className="input-group"
        >
          <FormControl
            autoComplete="new-password"
            autoFocus={true}
            bsClass="form-control"
            componentClass="input"
            disabled={true}
            id="foo-password-placeholder"
            placeholder="●●●●●●●●"
            type="password"
          >
            <input
              autoComplete="new-password"
              autoFocus={true}
              className="form-control"
              disabled={true}
              id="foo-password-placeholder"
              placeholder="●●●●●●●●"
              type="password"
            />
          </FormControl>
          <InputGroupButton
            bsClass="input-group-btn"
          >
            <span
              className="input-group-btn"
            >
              <Button
                active={false}
                block={false}
                bsClass="btn"
                bsStyle="default"
                disabled={false}
                onClick={[Function]}
                type="button"
              >
                <button
                  className="btn btn-default"
                  disabled={false}
                  onClick={[Function]}
                  type="button"
                >
                  Change
                </button>
              </Button>
            </span>
          </InputGroupButton>
        </span>
      </InputGroup>
    </div>
  </FormGroup>
</PasswordField>
`;

exports[`Secret switch field component should render correctly in non edit mode 1`] = `
<PasswordField
  cancelEditLabel="Cancel"
  changeEditLabel="Change"
  edit={false}
  name="foo"
>
  <MockDummyComponent
    autoComplete="new-password"
    component="text-field"
    name="foo"
    type="password"
  >
    <button
      autoComplete="new-password"
      component="text-field"
      name="foo"
      type="button"
    >
      Dummy
    </button>
  </MockDummyComponent>
</PasswordField>
`;
