// Jest Snapshot v1, https://goo.gl/fbAQLP

exports[`Ansible playbook fields form component should render correctly 1`] = `
<AnsiblePlaybookFields
  addExtraVars={[MockFunction]}
  catchError={[Function]}
  changeField={[MockFunction]}
  credentialsRequest={[Function]}
  data={
    Object {
      "catalogItem": Object {
        "config_info": Object {
          "provision": Object {
            "cloud_credential_id": 123,
            "cloud_type": "Amazon",
          },
          "retirement": Object {},
        },
        "description": "test",
        "id": 1234,
        "name": "test",
      },
      "dropdowns": Object {
        "catalogs": Array [
          Object {
            "label": "Amazon Operations",
            "value": "10000000000008",
          },
          Object {
            "label": "Ansible Demos",
            "value": "10000000000001",
          },
        ],
        "cloudTypes": Array [
          Object {
            "label": "Amazon",
            "value": "ManageIQ::Providers::EmbeddedAnsible::AutomationManager::AmazonCredential",
          },
          Object {
            "label": "Azure",
            "value": "ManageIQ::Providers::EmbeddedAnsible::AutomationManager::AzureCredential",
          },
          Object {
            "label": "Google Compute Engine",
            "value": "ManageIQ::Providers::EmbeddedAnsible::AutomationManager::GoogleCredential",
          },
          Object {
            "label": "OpenStack",
            "value": "ManageIQ::Providers::EmbeddedAnsible::AutomationManager::OpenstackCredential",
          },
          Object {
            "label": "Red Hat Virtualization",
            "value": "ManageIQ::Providers::EmbeddedAnsible::AutomationManager::RhvCredential",
          },
          Object {
            "label": "VMware",
            "value": "ManageIQ::Providers::EmbeddedAnsible::AutomationManager::VmwareCredential",
          },
        ],
        "dialogs": Array [
          Object {
            "label": "101-vm-simple-rhel Dialog",
            "value": "10000000000003",
          },
        ],
        "machineCredentials": Array [
          Object {
            "label": "Default Credential",
            "value": "10000000000064",
          },
        ],
        "provision_cloudTypes": Array [
          Object {
            "label": "test",
            "value": "test",
          },
        ],
        "provision_playbooks": Array [
          Object {
            "label": "test",
            "value": "test",
          },
        ],
        "repos": Array [
          Object {
            "label": "Sample Playbooks (jeromemarc)",
            "value": "10000000000014",
          },
          Object {
            "label": "workflow-demo (jeromemarc)",
            "value": "10000000000013",
          },
        ],
      },
    }
  }
  duplicateDropdowns={[Function]}
  formValues={
    Object {
      "provision_extra_vars": Array [],
      "provision_repository_id": 1234,
    }
  }
  loadCatalogItem={[Function]}
  loadCatalogs={[Function]}
  loadCloudCredential={[Function]}
  loadCloudCredentials={[Function]}
  loadCloudTypes={[Function]}
  loadCredentials={[Function]}
  loadDialogs={[Function]}
  loadPlaybooks={[Function]}
  loadRepos={[Function]}
  prefix="provision"
  region={1}
/>
`;
