// Jest Snapshot v1, https://goo.gl/fbAQLP

exports[`DialogField component should render correctly 1`] = `
<div>
  <_class
    component={[Function]}
    label="Dialog"
    name="dialogOption"
    options={
      Array [
        Object {
          "label": "Use Existing",
          "value": "existing",
        },
        Object {
          "label": "Create New",
          "value": "new",
        },
      ]
    }
  />
  <Condition
    is="existing"
    when="dialogOption"
  >
    <_class
      component={[Function]}
      label="Select Dialog"
      name="dialog_id"
      options={
        Array [
          Object {
            "label": "dialog1",
            "value": 1,
          },
        ]
      }
      placeholder="<Choose>"
      validate={[Function]}
      validateOnMount={true}
    />
  </Condition>
  <Condition
    is="new"
    when="dialogOption"
  >
    <_class
      component={[Function]}
      label="New"
      name="dialog_name"
      validate={[Function]}
      validateOnMount={true}
    />
  </Condition>
</div>
`;
