// Jest Snapshot v1, https://goo.gl/fbAQLP

exports[`Show Timeline Options form component should render form 1`] = `""`;

exports[`Show Timeline Options form component should submit and render table 1`] = `""`;
