// Jest Snapshot v1, https://goo.gl/fbAQLP

exports[`Embedded Terraform Repository form component should render add form 1`] = `
<Loading
  active={true}
  className="export-spinner"
  description="Active loading indicator"
  small={true}
  withOverlay={false}
/>
`;

exports[`Embedded Terraform Repository form component should render edit variant 1`] = `
<Loading
  active={true}
  className="export-spinner"
  description="Active loading indicator"
  small={true}
  withOverlay={false}
/>
`;

exports[`Embedded Terraform Repository form component should submit add form 1`] = `
<Loading
  active={true}
  className="export-spinner"
  description="Active loading indicator"
  small={true}
  withOverlay={false}
/>
`;

exports[`Embedded Terraform Repository form component should submit edit form 1`] = `
<Loading
  active={true}
  className="export-spinner"
  description="Active loading indicator"
  small={true}
  withOverlay={false}
/>
`;
