// Jest Snapshot v1, https://goo.gl/fbAQLP

exports[`Tagging modifier match snapshot 1`] = `
<Dropdown
  className="tag-select"
  direction="bottom"
  disabled={false}
  helperText=""
  id="dropdown-tag-select"
  itemToElement={null}
  itemToString={[Function]}
  items={
    Array [
      Object {
        "key": 1,
        "label": "Name",
        "value": 1,
      },
      Object {
        "key": 2,
        "label": "Number",
        "value": 2,
      },
    ]
  }
  label="Select tag category"
  light={false}
  onChange={[Function]}
  titleText=""
  type="default"
/>
`;
