// Jest Snapshot v1, https://goo.gl/fbAQLP

exports[`Tagging modifier match snapshot 1`] = `
<Fragment>
  <Row
    className="tag-modifier-header"
  >
    <Column
      lg={12}
    >
      <h4>
        Add/Modify tag
      </h4>
    </Column>
  </Row>
  <Form
    className="tag-modifier-form"
    horizontal="true"
  >
    <CategoryModifier
      categoryLabel="Category"
      isDisabled={false}
      onTagCategoryChange={[Function]}
      selectedTagCategory={
        Object {
          "description": "animal",
          "id": 1,
        }
      }
      tagCategories={
        Array [
          Object {
            "description": "Name",
            "id": 1,
          },
          Object {
            "description": "Number",
            "id": 2,
          },
          Object {
            "description": "Animal",
            "id": 3,
          },
          Object {
            "description": "Food",
            "id": 4,
          },
        ]
      }
    />
    <ValueModifier
      isDisabled={false}
      multiValue={false}
      onTagValueChange={[Function]}
      selectedTagValue={
        Object {
          "description": "duck",
          "id": 1,
        }
      }
      selectedTagValues={Array []}
      valueLabel="Value"
      values={
        Array [
          Object {
            "description": "Duck",
            "id": 31,
          },
          Object {
            "description": "Cat",
            "id": 32,
          },
          Object {
            "description": "Dog",
            "id": 33,
          },
        ]
      }
    />
  </Form>
</Fragment>
`;
