// Jest Snapshot v1, https://goo.gl/fbAQLP

exports[`Tag view match snapshot 1`] = `
<div
  id="assignments_div"
>
  <Row>
    <Column
      lg={12}
    >
      <h2>
        Assigned tags
      </h2>
    </Column>
  </Row>
  <Row>
    <Column
      lg={12}
    >
      <ul
        className="list-inline"
      >
        <li
          key="1"
        >
          <TagCategory
            categoryTruncate={[Function]}
            key="1"
            onTagDeleteClick={[MockFunction]}
            showCloseButton={true}
            tagCategory={
              Object {
                "description": "Name",
                "id": 1,
              }
            }
            valueTruncate={[Function]}
            values={
              Array [
                Object {
                  "description": "Pepa",
                  "id": 11,
                },
              ]
            }
          />
        </li>
      </ul>
    </Column>
  </Row>
</div>
`;
