// Jest Snapshot v1, https://goo.gl/fbAQLP

exports[`TagCategory Component match snapshot 1`] = `
<ul
  className="tag-category list-inline"
>
  <li
    id="tag_category_1"
    key="1"
  >
    <div
      className="category-label"
      title="animal"
    >
      animal
    </div>
  </li>
  <Tag
    key="1"
    onTagDeleteClick={[Function]}
    showCloseButton={true}
    tagCategory={
      Object {
        "description": "animal",
        "id": 1,
      }
    }
    tagValue={
      Object {
        "description": "duck",
        "id": 1,
      }
    }
    truncate={[Function]}
  />
  <Tag
    key="2"
    onTagDeleteClick={[Function]}
    showCloseButton={true}
    tagCategory={
      Object {
        "description": "animal",
        "id": 1,
      }
    }
    tagValue={
      Object {
        "description": "lion",
        "id": 2,
      }
    }
    truncate={[Function]}
  />
</ul>
`;
