// Jest Snapshot v1, https://goo.gl/fbAQLP

exports[`match snapshot 1`] = `
<Dropdown
  className="tag-select"
  defaultValue="placeholder"
  direction="bottom"
  disabled={false}
  helperText=""
  id="dropdown-tag-select"
  itemToElement={null}
  itemToString={[Function]}
  items={
    Array [
      Object {
        "key": 1,
        "label": "Asterix",
        "value": 1,
      },
      Object {
        "key": 2,
        "label": "Obelix",
        "value": 2,
      },
    ]
  }
  key="1"
  label="Obelix"
  light={false}
  onChange={[Function]}
  titleText=""
  type="default"
/>
`;

exports[`match snapshot without multiple values 1`] = `
<Dropdown
  className="tag-select"
  defaultValue="placeholder"
  direction="bottom"
  disabled={false}
  helperText=""
  id="dropdown-tag-select"
  itemToElement={null}
  itemToString={[Function]}
  items={
    Array [
      Object {
        "key": 1,
        "label": "Asterix",
        "value": 1,
      },
      Object {
        "key": 2,
        "label": "Obelix",
        "value": 2,
      },
    ]
  }
  key="1"
  label="Obelix"
  light={false}
  onChange={[Function]}
  titleText=""
  type="default"
/>
`;
